C:\engineering\echCorrugationMachine\305841_E00002\305841_E00002_AM_0\Temp\Includes\AS_TempDecl\EchCm_AM\GlobalComponents\SfElements.var
C:\engineering\echCorrugationMachine\305841_E00002\305841_E00002_AM_0\Temp\Includes\AS_TempDecl\EchCm_AM\GlobalComponents\McElements.var
C:\engineering\echCorrugationMachine\305841_E00002\305841_E00002_AM_0\Temp\Includes\AS_TempDecl\EchCm_AM\GlobalComponents\MpComponents.var
C:\engineering\echCorrugationMachine\305841_E00002\305841_E00002_AM_0\Logical\Global.typ
C:\engineering\echCorrugationMachine\305841_E00002\305841_E00002_AM_0\Logical\Global.var
C:\engineering\echCorrugationMachine\305841_E00002\305841_E00002_AM_0\Logical\Libraries\operator\operator.fun
C:\engineering\echCorrugationMachine\305841_E00002\305841_E00002_AM_0\Logical\Libraries\operator\operator.typ
C:\engineering\echCorrugationMachine\305841_E00002\305841_E00002_AM_0\Logical\Libraries\operator\operator.var
C:\engineering\echCorrugationMachine\305841_E00002\305841_E00002_AM_0\Logical\Libraries\runtime\runtime.fun
C:\engineering\echCorrugationMachine\305841_E00002\305841_E00002_AM_0\Logical\Libraries\runtime\runtime.typ
C:\engineering\echCorrugationMachine\305841_E00002\305841_E00002_AM_0\Logical\Libraries\runtime\runtime.var
C:\engineering\echCorrugationMachine\305841_E00002\305841_E00002_AM_0\Logical\Libraries\standard\standard.fun
C:\engineering\echCorrugationMachine\305841_E00002\305841_E00002_AM_0\Logical\Libraries\standard\standard.typ
C:\engineering\echCorrugationMachine\305841_E00002\305841_E00002_AM_0\Logical\Libraries\standard\standard.var
C:\engineering\echCorrugationMachine\305841_E00002\305841_E00002_AM_0\Logical\Libraries\brsystem\brsystem.fun
C:\engineering\echCorrugationMachine\305841_E00002\305841_E00002_AM_0\Logical\Libraries\brsystem\brsystem.typ
C:\engineering\echCorrugationMachine\305841_E00002\305841_E00002_AM_0\Logical\Libraries\brsystem\brsystem.var
C:\engineering\echCorrugationMachine\305841_E00002\305841_E00002_AM_0\Logical\Libraries\sys_lib\sys_lib.fun
C:\engineering\echCorrugationMachine\305841_E00002\305841_E00002_AM_0\Logical\Libraries\sys_lib\sys_lib.typ
C:\engineering\echCorrugationMachine\305841_E00002\305841_E00002_AM_0\Logical\Libraries\sys_lib\sys_lib.var
C:\engineering\echCorrugationMachine\305841_E00002\305841_E00002_AM_0\Logical\Libraries\AsBrMath\AsBrMath.fun
C:\engineering\echCorrugationMachine\305841_E00002\305841_E00002_AM_0\Logical\Libraries\AsBrMath\AsBrMath.typ
C:\engineering\echCorrugationMachine\305841_E00002\305841_E00002_AM_0\Logical\Libraries\AsBrMath\AsBrMath.var
C:\engineering\echCorrugationMachine\305841_E00002\305841_E00002_AM_0\Logical\Libraries\AsBrStr\AsBrStr.fun
C:\engineering\echCorrugationMachine\305841_E00002\305841_E00002_AM_0\Logical\Libraries\AsBrStr\AsBrStr.typ
C:\engineering\echCorrugationMachine\305841_E00002\305841_E00002_AM_0\Logical\Libraries\AsBrStr\AsBrStr.var
C:\engineering\echCorrugationMachine\305841_E00002\305841_E00002_AM_0\Logical\Libraries\astime\astime.fun
C:\engineering\echCorrugationMachine\305841_E00002\305841_E00002_AM_0\Logical\Libraries\astime\astime.typ
C:\engineering\echCorrugationMachine\305841_E00002\305841_E00002_AM_0\Logical\Libraries\astime\astime.var
C:\engineering\echCorrugationMachine\305841_E00002\305841_E00002_AM_0\Logical\Libraries\AsIecCon\AsIecCon.fun
C:\engineering\echCorrugationMachine\305841_E00002\305841_E00002_AM_0\Logical\Libraries\AsIecCon\AsIecCon.typ
C:\engineering\echCorrugationMachine\305841_E00002\305841_E00002_AM_0\Logical\Libraries\AsIecCon\AsIecCon.var
C:\engineering\echCorrugationMachine\305841_E00002\305841_E00002_AM_0\Logical\Libraries\GAProcIO\GAProcIO.typ
C:\engineering\echCorrugationMachine\305841_E00002\305841_E00002_AM_0\Logical\Libraries\GAProcIO\GAProcIO.var
C:\engineering\echCorrugationMachine\305841_E00002\305841_E00002_AM_0\Logical\Libraries\GAProcIO\GAProcIO.fun
C:\engineering\echCorrugationMachine\305841_E00002\305841_E00002_AM_0\Logical\Libraries\GAMpMotion\Types.typ
C:\engineering\echCorrugationMachine\305841_E00002\305841_E00002_AM_0\Logical\Libraries\GAMpMotion\Constants.var
C:\engineering\echCorrugationMachine\305841_E00002\305841_E00002_AM_0\Logical\Libraries\GAMpMotion\GAMpMotion.fun
C:\engineering\echCorrugationMachine\305841_E00002\305841_E00002_AM_0\Logical\Libraries\GAConvert\GAConvert.typ
C:\engineering\echCorrugationMachine\305841_E00002\305841_E00002_AM_0\Logical\Libraries\GAConvert\GAConvert.var
C:\engineering\echCorrugationMachine\305841_E00002\305841_E00002_AM_0\Logical\Libraries\GAConvert\GAConvert.fun
C:\engineering\echCorrugationMachine\305841_E00002\305841_E00002_AM_0\Logical\Libraries\GAMath\GAMath.typ
C:\engineering\echCorrugationMachine\305841_E00002\305841_E00002_AM_0\Logical\Libraries\GAMath\GAMath.var
C:\engineering\echCorrugationMachine\305841_E00002\305841_E00002_AM_0\Logical\Libraries\GAMath\GAMath.fun
C:\engineering\echCorrugationMachine\305841_E00002\305841_E00002_AM_0\Logical\Libraries\AsZip\AsZip.fun
C:\engineering\echCorrugationMachine\305841_E00002\305841_E00002_AM_0\Logical\Libraries\AsZip\AsZip.typ
C:\engineering\echCorrugationMachine\305841_E00002\305841_E00002_AM_0\Logical\Libraries\AsZip\AsZip.var
C:\engineering\echCorrugationMachine\305841_E00002\305841_E00002_AM_0\Logical\Libraries\FileIO\FileIO.fun
C:\engineering\echCorrugationMachine\305841_E00002\305841_E00002_AM_0\Logical\Libraries\FileIO\FileIO.typ
C:\engineering\echCorrugationMachine\305841_E00002\305841_E00002_AM_0\Logical\Libraries\FileIO\FileIO.var
C:\engineering\echCorrugationMachine\305841_E00002\305841_E00002_AM_0\Logical\Libraries\McBase\McBase.typ
C:\engineering\echCorrugationMachine\305841_E00002\305841_E00002_AM_0\Logical\Libraries\McBase\McBase.fun
C:\engineering\echCorrugationMachine\305841_E00002\305841_E00002_AM_0\Logical\Libraries\McBase\McBase.var
C:\engineering\echCorrugationMachine\305841_E00002\305841_E00002_AM_0\Logical\Libraries\McBase\McBaseCfg.typ
C:\engineering\echCorrugationMachine\305841_E00002\305841_E00002_AM_0\Logical\Libraries\MpAxis\MpAxis.fun
C:\engineering\echCorrugationMachine\305841_E00002\305841_E00002_AM_0\Logical\Libraries\MpAxis\MpAxis.typ
C:\engineering\echCorrugationMachine\305841_E00002\305841_E00002_AM_0\Logical\Libraries\MpAxis\MpAxisError.typ
C:\engineering\echCorrugationMachine\305841_E00002\305841_E00002_AM_0\Logical\Libraries\McAcpAx\McAcpAx.typ
C:\engineering\echCorrugationMachine\305841_E00002\305841_E00002_AM_0\Logical\Libraries\McAcpAx\McAcpAx.fun
C:\engineering\echCorrugationMachine\305841_E00002\305841_E00002_AM_0\Logical\Libraries\McAcpAx\McAcpAx.var
C:\engineering\echCorrugationMachine\305841_E00002\305841_E00002_AM_0\Logical\Libraries\McAcpAx\McAcpAxCfg.typ
C:\engineering\echCorrugationMachine\305841_E00002\305841_E00002_AM_0\Logical\Libraries\McPureVAx\McPureVAx.typ
C:\engineering\echCorrugationMachine\305841_E00002\305841_E00002_AM_0\Logical\Libraries\McPureVAx\McPureVAx.fun
C:\engineering\echCorrugationMachine\305841_E00002\305841_E00002_AM_0\Logical\Libraries\McPureVAx\McPureVAx.var
C:\engineering\echCorrugationMachine\305841_E00002\305841_E00002_AM_0\Logical\Libraries\McPureVAx\McPureVAxCfg.typ
C:\engineering\echCorrugationMachine\305841_E00002\305841_E00002_AM_0\Logical\Libraries\McAxis\McAxis.typ
C:\engineering\echCorrugationMachine\305841_E00002\305841_E00002_AM_0\Logical\Libraries\McAxis\McAxis.fun
C:\engineering\echCorrugationMachine\305841_E00002\305841_E00002_AM_0\Logical\Libraries\McAxis\McAxis.var
C:\engineering\echCorrugationMachine\305841_E00002\305841_E00002_AM_0\Logical\Libraries\McAxis\McAxisCfg.typ
C:\engineering\echCorrugationMachine\305841_E00002\305841_E00002_AM_0\Logical\Libraries\McDS402Ax\McDS402Ax.typ
C:\engineering\echCorrugationMachine\305841_E00002\305841_E00002_AM_0\Logical\Libraries\McDS402Ax\McDS402Ax.fun
C:\engineering\echCorrugationMachine\305841_E00002\305841_E00002_AM_0\Logical\Libraries\McDS402Ax\McDS402Ax.var
C:\engineering\echCorrugationMachine\305841_E00002\305841_E00002_AM_0\Logical\Libraries\McDS402Ax\McDS402AxCfg.typ
C:\engineering\echCorrugationMachine\305841_E00002\305841_E00002_AM_0\Logical\Libraries\MpBase\MpBase.var
C:\engineering\echCorrugationMachine\305841_E00002\305841_E00002_AM_0\Logical\Libraries\MpBase\MpBase.typ
C:\engineering\echCorrugationMachine\305841_E00002\305841_E00002_AM_0\Logical\Libraries\MpBase\MpBase.fun
C:\engineering\echCorrugationMachine\305841_E00002\305841_E00002_AM_0\Logical\Libraries\SfDomain\SfDomain.var
C:\engineering\echCorrugationMachine\305841_E00002\305841_E00002_AM_0\Logical\Libraries\SfDomain\SfDomain.typ
C:\engineering\echCorrugationMachine\305841_E00002\305841_E00002_AM_0\Logical\Libraries\SfDomain\SfDomainError.typ
C:\engineering\echCorrugationMachine\305841_E00002\305841_E00002_AM_0\Logical\Libraries\SfDomain\SfDomain.fun
C:\engineering\echCorrugationMachine\305841_E00002\305841_E00002_AM_0\Logical\Libraries\MpRecipe\MpRecipe.typ
C:\engineering\echCorrugationMachine\305841_E00002\305841_E00002_AM_0\Logical\Libraries\MpRecipe\MpRecipeAlarm.typ
C:\engineering\echCorrugationMachine\305841_E00002\305841_E00002_AM_0\Logical\Libraries\MpRecipe\MpRecipeError.typ
C:\engineering\echCorrugationMachine\305841_E00002\305841_E00002_AM_0\Logical\Libraries\MpRecipe\MpRecipe.fun
C:\engineering\echCorrugationMachine\305841_E00002\305841_E00002_AM_0\Logical\Libraries\MpAlarmX\MpAlarmX.typ
C:\engineering\echCorrugationMachine\305841_E00002\305841_E00002_AM_0\Logical\Libraries\MpAlarmX\MpAlarmXError.typ
C:\engineering\echCorrugationMachine\305841_E00002\305841_E00002_AM_0\Logical\Libraries\MpAlarmX\MpAlarmX.fun
C:\engineering\echCorrugationMachine\305841_E00002\305841_E00002_AM_0\Logical\Libraries\CoTrace\CoTrace.fun
C:\engineering\echCorrugationMachine\305841_E00002\305841_E00002_AM_0\Logical\Libraries\CoTrace\CoTrace.typ
C:\engineering\echCorrugationMachine\305841_E00002\305841_E00002_AM_0\Logical\Libraries\CoTrace\CoTrace.var
C:\engineering\echCorrugationMachine\305841_E00002\305841_E00002_AM_0\Logical\Libraries\MTLookUp\MTLookUp.fun
C:\engineering\echCorrugationMachine\305841_E00002\305841_E00002_AM_0\Logical\Libraries\MTLookUp\MTLookUp.typ
C:\engineering\echCorrugationMachine\305841_E00002\305841_E00002_AM_0\Logical\Libraries\MTLookUp\MTLookUp.var
C:\engineering\echCorrugationMachine\305841_E00002\305841_E00002_AM_0\Logical\PlcLogic\Logic.typ
C:\engineering\echCorrugationMachine\305841_E00002\305841_E00002_AM_0\Logical\PlcLogic\Logic.var
C:\engineering\echCorrugationMachine\305841_E00002\305841_E00002_AM_0\Logical\PlcLogic\axSpindle\axSpindle.typ
C:\engineering\echCorrugationMachine\305841_E00002\305841_E00002_AM_0\Logical\PlcLogic\axSpindle\axSpindle.var
C:\engineering\echCorrugationMachine\305841_E00002\305841_E00002_AM_0\Logical\PlcLogic\axOutE\axOutE.typ
C:\engineering\echCorrugationMachine\305841_E00002\305841_E00002_AM_0\Logical\PlcLogic\axOutE\axOutE.var
C:\engineering\echCorrugationMachine\305841_E00002\305841_E00002_AM_0\Logical\PlcLogic\axInE\axInE.typ
C:\engineering\echCorrugationMachine\305841_E00002\305841_E00002_AM_0\Logical\PlcLogic\axInE\axInE.var
C:\engineering\echCorrugationMachine\305841_E00002\305841_E00002_AM_0\Logical\PlcLogic\axZ\axZ.typ
C:\engineering\echCorrugationMachine\305841_E00002\305841_E00002_AM_0\Logical\PlcLogic\axZ\axZ.var
C:\engineering\echCorrugationMachine\305841_E00002\305841_E00002_AM_0\Logical\PlcLogic\axHandwheel\axHw.typ
C:\engineering\echCorrugationMachine\305841_E00002\305841_E00002_AM_0\Logical\PlcLogic\axHandwheel\axHw.var
C:\engineering\echCorrugationMachine\305841_E00002\305841_E00002_AM_0\Logical\PlcLogic\axCfVfd\axCfVfd.typ
C:\engineering\echCorrugationMachine\305841_E00002\305841_E00002_AM_0\Logical\PlcLogic\axCfVfd\axCfVfd.var
